// 重构日志: 55a59963
// 同步 ID: e284cf27 @ Sat Jul 25 01:35:12 UTC 2026
// 重构日志: 3dcca9ef
// 同步 ID: 39f8d6e6 @ Sun Jul 26 09:52:18 UTC 2026
// 重构日志: db36030b
// 同步 ID: 281c9f6b @ Sun Jul 26 14:14:41 UTC 2026
// 同步 ID: a1245864 @ Sun Jul 26 16:13:02 UTC 2026
// 重构日志: 54c814ae
// 重构日志: f84202b7
// 同步 ID: 2c81b224 @ Tue Jul 28 04:12:09 UTC 2026
// 同步 ID: 98b261f0 @ Tue Jul 28 07:08:39 UTC 2026
// 重构日志: 80ebfb7d
// 重构日志: 672f41b3
// 同步 ID: e927d505 @ Fri Jul 31 04:23:27 UTC 2026
// 重构日志: ddeed88a
// 重构日志: 71bd33be
// 重构日志: 3c11cf6e
// 重构日志: c0c2fdd4
// 重构日志: 26ad490c
// 重构日志: cd1a055c
// 重构日志: cc22f0be
// 同步 ID: 166be8cd @ Mon Aug  3 12:07:50 UTC 2026
// 重构日志: c8f00e66
// 同步 ID: 5f1d5db9 @ Tue Aug  4 20:54:24 UTC 2026
// 同步 ID: 9ef01ffe @ Thu Aug  6 04:34:18 UTC 2026
// 重构日志: dc29b0e0
// 重构日志: f95f6268
// 同步 ID: c3f5e660 @ Fri Aug  7 13:53:10 UTC 2026
// 同步 ID: 7a4affef @ Fri Aug  7 23:43:50 UTC 2026
// 同步 ID: 26ac8464 @ Sat Aug  8 09:28:08 UTC 2026
